// Jest Snapshot v1, https://goo.gl/fbAQLP

exports[`Multiple Choice Questions renders 1`] = `
<DocumentFragment>
  <div
    class="listItem d-flex justify-content-between"
  >
    <div
      class="question"
    >
      mock question?
    </div>
    <div>
      <div
        class="form-check form-check-inline"
      >
        <input
          class="form-check-input"
          type="radio"
          value="choiceOne"
        />
        <label
          class="form-check-label"
          title=""
        >
          choiceOne
        </label>
      </div>
      <div
        class="form-check form-check-inline"
      >
        <input
          class="form-check-input"
          type="radio"
          value="choice_two"
        />
        <label
          class="form-check-label"
          title=""
        >
          choice two
        </label>
      </div>
      <div
        class="form-check form-check-inline"
      >
        <input
          class="form-check-input"
          type="radio"
          value="choice_Three"
        />
        <label
          class="form-check-label"
          title=""
        >
          choice Three
        </label>
      </div>
    </div>
  </div>
</DocumentFragment>
`;
