// Jest Snapshot v1, https://goo.gl/fbAQLP

exports[`resultStats renders 1`] = `
<DocumentFragment>
  <div
    class="dataRow row"
  >
    <div
      class="col"
    >
      did you attend
    </div>
    <div
      class="col-md-1"
    >
      <span
        class="question"
      >
        No
      </span>
    </div>
    <div
      class="col-md-1"
    >
      <span
        class="percentages"
        data-testid="percentResult"
      >
        25%
      </span>
    </div>
    <div
      class="col-md-1"
    >
      <span
        class="question"
      >
        Yes
      </span>
    </div>
    <div
      class="col-md-1"
    >
      <span
        class="percentagesGreen"
        data-testid="percentResult"
      >
        75%
      </span>
    </div>
  </div>
  <div
    class="dataRow row"
  >
    <div
      class="col"
    >
      the event was...
    </div>
    <div
      class="col-md-1"
    >
      <span
        class="question"
      >
        good
      </span>
    </div>
    <div
      class="col-md-1"
    >
      <span
        class="percentages"
        data-testid="percentResult"
      >
        25%
      </span>
    </div>
    <div
      class="col-md-1"
    >
      <span
        class="question"
      >
        great
      </span>
    </div>
    <div
      class="col-md-1"
    >
      <span
        class="percentagesGreen"
        data-testid="percentResult"
      >
        75%
      </span>
    </div>
  </div>
  <div
    class="dataRow row"
  >
    <div
      class="col"
    >
      I had fun.
    </div>
    <div
      class="col-md-1"
    >
      <span
        class="question"
      >
        No
      </span>
    </div>
    <div
      class="col-md-1"
    >
      <span
        class="percentagesGreen"
        data-testid="percentResult"
      >
        50%
      </span>
    </div>
    <div
      class="col-md-1"
    >
      <span
        class="question"
      >
        Yes
      </span>
    </div>
    <div
      class="col-md-1"
    >
      <span
        class="percentagesGreen"
        data-testid="percentResult"
      >
        50%
      </span>
    </div>
  </div>
</DocumentFragment>
`;
